// Jest Snapshot v1, https://goo.gl/fbAQLP

exports[`rendering Emoji component renders without crashing 1`] = `
<span
  aria-hidden={true}
  className="emoji"
  role="img"
>
  ðŸ™‚
</span>
`;
