// Jest Snapshot v1, https://goo.gl/fbAQLP

exports[`Testing PortfolioGridHeader renders without crashing 1`] = `
<PageHeader
  title="Title"
/>
`;
