// Jest Snapshot v1, https://goo.gl/fbAQLP

exports[`Testing PortfolioGrid renders without crashing 1`] = `
<div
  className=""
>
  <div
    className="grid"
  >
     
  </div>
</div>
`;
