// Jest Snapshot v1, https://goo.gl/fbAQLP

exports[`Testing SocialLinks renders without crashing 1`] = `
<div
  className="socialLinks"
/>
`;
